// Jest Snapshot v1, https://goo.gl/fbAQLP

exports[`test calculator components work correctly 1`] = `
<DocumentFragment>
  <div>
    <div
      class="overlay"
    >
      <div
        class="welcomeConstainer"
      >
        <h1>
          Welcome to Recalc
        </h1>
        <p>
          Recalc is your Ultimate Mathematical Companion! Are you tired of manually crunching numbers and wrestling with complex mathematical equations? Look no further! Recalc Calculator is here to revolutionize the way you perform calculations. With our user-friendly web app, you can now solve mathematical problems effortlessly and with unparalleled convenience.
        </p>
      </div>
    </div>
  </div>
</DocumentFragment>
`;
