// Jest Snapshot v1, https://goo.gl/fbAQLP

exports[`testing navigationbar testing snapshots 1`] = `[Function]`;
