// Jest Snapshot v1, https://goo.gl/fbAQLP

exports[` 1`] = `undefined`;

exports[`snap shot for this component tests snapshot 1`] = `undefined`;
